// Jest Snapshot v1, https://goo.gl/fbAQLP

exports[`TextField Component matches snapshot with default props 1`] = `
<View
  style={
    [
      {
        "width": "100%",
      },
      undefined,
    ]
  }
>
  <View
    style={
      [
        {
          "alignItems": "center",
          "backgroundColor": "#FFFFFF",
          "borderColor": "#CCCFD3",
          "borderRadius": 8,
          "borderWidth": 1,
          "flexDirection": "row",
          "justifyContent": "space-between",
          "paddingHorizontal": 8,
        },
        undefined,
        {
          "height": 40,
        },
        {
          "alignItems": "center",
        },
      ]
    }
  >
    <TextInput
      autoCapitalize="sentences"
      keyboardType="default"
      multiline={false}
      numberOfLines={1}
      onChangeText={[Function]}
      placeholderTextColor="#999"
      readOnly={false}
      style={
        {
          "color": "#001A41",
          "flex": 1,
          "fontFamily": "Poppins-Regular",
          "fontSize": 14,
          "fontWeight": "400",
          "paddingVertical": 0,
        }
      }
      textAlignVertical="center"
    />
  </View>
</View>
`;
