// Jest Snapshot v1, https://goo.gl/fbAQLP

exports[`TextView Component matches snapshot with default props 1`] = `
<View
  style={
    [
      {
        "alignItems": "flex-start",
        "display": "flex",
        "flexDirection": "row",
        "justifyContent": "center",
      },
      {
        "alignItems": "center",
        "gap": 2,
        "justifyContent": "flex-start",
      },
      undefined,
    ]
  }
>
  <Text
    style={
      [
        {
          "color": "#001A41",
          "fontFamily": "Poppins-Regular",
          "fontSize": 12,
          "marginBottom": 0,
          "width": "auto",
        },
        {
          "color": "#001A41",
          "fontFamily": "Poppins-Regular",
          "fontSize": 12,
          "fontWeight": "normal",
          "lineHeight": undefined,
          "marginBottom": 0,
          "textAlign": "left",
          "textTransform": "none",
        },
      ]
    }
  >
    asd
  </Text>
</View>
`;
