// Jest Snapshot v1, https://goo.gl/fbAQLP

exports[`Button Component matches snapshot with default props 1`] = `
<View
  accessibilityState={
    {
      "busy": undefined,
      "checked": undefined,
      "disabled": false,
      "expanded": undefined,
      "selected": undefined,
    }
  }
  accessibilityValue={
    {
      "max": undefined,
      "min": undefined,
      "now": undefined,
      "text": undefined,
    }
  }
  accessible={true}
  collapsable={false}
  focusable={true}
  onClick={[Function]}
  onResponderGrant={[Function]}
  onResponderMove={[Function]}
  onResponderRelease={[Function]}
  onResponderTerminate={[Function]}
  onResponderTerminationRequest={[Function]}
  onStartShouldSetResponder={[Function]}
  style={
    {
      "alignItems": "center",
      "backgroundColor": "#ED0226",
      "borderRadius": 56,
      "height": 24,
      "justifyContent": "center",
      "opacity": 1,
      "paddingHorizontal": 10,
      "paddingVertical": 0,
      "width": "100%",
    }
  }
>
  <View
    style={
      {
        "alignItems": "center",
        "flexDirection": "row",
        "gap": 4,
      }
    }
  >
    <Text
      style={
        [
          {
            "fontFamily": "Poppins-Regular",
          },
          {
            "color": "#FFFFFF",
            "fontWeight": "bold",
          },
          {
            "fontSize": 11,
          },
        ]
      }
    >
      Test
    </Text>
  </View>
</View>
`;
